
> swapnil-patil-portfolio@0.1.0 build
> next build

  Γû▓ Next.js 14.2.35

   Creating an optimized production build ...
node.exe : Failed to compile.
At line:1 char:1
+ & "C:\Program 
Files\nodejs/node.exe" "C:\User
s\wimdows\AppData\Roamin ...
+ ~~~~~~~~~~~~~~~~~~~~~~~~~~~~~
~~~~~~~~~~~~~~~~~~~~~~~~~~~~~~~
~~~~~~~~~
    + CategoryInfo          :  
   NotSpecified: (Failed to    
 compile.:String) [], Rem    
oteException
    + FullyQualifiedErrorId :  
   NativeCommandError
 

./app/page.tsx
Module not found: Can't 
resolve '@/components/Navbar'

https://nextjs.org/docs/message
s/module-not-found


> Build failed because of 
webpack errors
